// Jest Snapshot v1, https://goo.gl/fbAQLP

exports[`Multi Binary from ESNext with failing binary 1`] = `
Array [
  Object {
    "command": "bin/first-cli.js",
    "error": null,
    "exitCode": 1,
  },
  Object {
    "command": "bin/second-cli.js",
    "error": null,
    "exitCode": 0,
  },
  Object {
    "command": "bin/third-cli.js",
    "error": null,
    "exitCode": 0,
  },
]
`;
