// Jest Snapshot v1, https://goo.gl/fbAQLP

exports[`Binary from ESNext: cli 1`] = `
"#!/usr/bin/env node

/*! esnext-binary v1.0.0 by Sebastian Werner <s.werner@sebastian-software.de> */
'use strict';

function _interopDefault (ex) { return (ex && (typeof ex === 'object') && 'default' in ex) ? ex['default'] : ex; }

var _snakeCase = _interopDefault(require('lodash/snakeCase'));

const realWords = \\"Eine dicke Kuh lacht\\";

console.log(\\"Magic:\\", _snakeCase(realWords));
//# sourceMappingURL=mycli.js.map
"
`;
